../Drivers/CMSIS/Include/core_cm4.h:2059:26:ITM_SendChar	16	static,ignoring_inline_asm
../Core/Src/main.c:54:6:sendMissingAlert	88	static
../Core/Src/main.c:73:6:TIM2_IRQHandler	8	static
../Core/Src/main.c:85:5:_write	32	static
../Core/Src/main.c:98:5:main	80	static,ignoring_inline_asm
../Core/Src/main.c:229:6:SystemClock_Config	96	static
../Core/Src/main.c:275:13:MX_SPI3_Init	8	static
../Core/Src/main.c:315:13:MX_GPIO_Init	48	static
../Core/Src/main.c:374:6:Error_Handler	4	static,ignoring_inline_asm
